rayyan@DESKTOP-MFQ1NDM MINGW64 ~
$ R:\git hub learning\java
bash: R:git: command not found

rayyan@DESKTOP-MFQ1NDM MINGW64 ~
$ cd="R:\git hub learning\java"

rayyan@DESKTOP-MFQ1NDM MINGW64 ~
$ cd="R:\git hub learning\java";

rayyan@DESKTOP-MFQ1NDM MINGW64 ~
$ cd ..

rayyan@DESKTOP-MFQ1NDM MINGW64 /c/Users
$ cd ..

rayyan@DESKTOP-MFQ1NDM MINGW64 /c
$ cd D
bash: cd: D: No such file or directory

rayyan@DESKTOP-MFQ1NDM MINGW64 /c
$ cd ..

rayyan@DESKTOP-MFQ1NDM MINGW64 /
$ cd D:\
> ^C

rayyan@DESKTOP-MFQ1NDM MINGW64 /
$ cd D
bash: cd: D: No such file or directory

rayyan@DESKTOP-MFQ1NDM MINGW64 /
$ pwd
/

rayyan@DESKTOP-MFQ1NDM MINGW64 /
$ pwd
/

rayyan@DESKTOP-MFQ1NDM MINGW64 /
$ cd D:/
bash: cd: D:/: No such file or directory

rayyan@DESKTOP-MFQ1NDM MINGW64 /
$ cd D:
bash: cd: D:: No such file or directory

rayyan@DESKTOP-MFQ1NDM MINGW64 /
$ cd R:

rayyan@DESKTOP-MFQ1NDM MINGW64 /r
$ pwd
/r

rayyan@DESKTOP-MFQ1NDM MINGW64 /r
$ ls
'$RECYCLE.BIN'/
'Java Learning Interview'/
 JavaDSA/
'MICROSOFT Office PRO Plus 2016 v16.0.4266.1003 RTM + Activator [TechTools.NET]'/
 React-learning-with-free-code-campe-latest/
'System Volume Information'/
'Windows 10 Pro v.1511 En-us x64 July2016 Pre-Activated-=TEAM OS=-'/
'aloha kore ai'/
'git hub learning'/
'rayyan learning'/
'tomcat server atomate'/

rayyan@DESKTOP-MFQ1NDM MINGW64 /r
$ cd git\ hub\ learning/

rayyan@DESKTOP-MFQ1NDM MINGW64 /r/git hub learning
$ cd java/

rayyan@DESKTOP-MFQ1NDM MINGW64 /r/git hub learning/java
$ git init
Initialized empty Git repository in R:/git hub learning/java/.git/

rayyan@DESKTOP-MFQ1NDM MINGW64 /r/git hub learning/java (master)
$ git status
On branch master

No commits yet

Untracked files:
  (use "git add <file>..." to include in what will be committed)
        temp1.txt
        temp2.txt

nothing added to commit but untracked files present (use "git add" to track)

rayyan@DESKTOP-MFQ1NDM MINGW64 /r/git hub learning/java (master)
$  git add .

rayyan@DESKTOP-MFQ1NDM MINGW64 /r/git hub learning/java (master)
$ git status
On branch master

No commits yet

Changes to be committed:
  (use "git rm --cached <file>..." to unstage)
        new file:   temp1.txt
        new file:   temp2.txt


rayyan@DESKTOP-MFQ1NDM MINGW64 /r/git hub learning/java (master)
$  git rm --cached .
fatal: not removing '.' recursively without -r

rayyan@DESKTOP-MFQ1NDM MINGW64 /r/git hub learning/java (master)
$ git rm --cached add .
fatal: pathspec 'add' did not match any files

rayyan@DESKTOP-MFQ1NDM MINGW64 /r/git hub learning/java (master)
$ git rm --cached temp1.txt
rm 'temp1.txt'

rayyan@DESKTOP-MFQ1NDM MINGW64 /r/git hub learning/java (master)
$ git rm --cached temp2.txt
rm 'temp2.txt'

rayyan@DESKTOP-MFQ1NDM MINGW64 /r/git hub learning/java (master)
$ git status
On branch master

No commits yet

Untracked files:
  (use "git add <file>..." to include in what will be committed)
        temp1.txt
        temp2.txt

nothing added to commit but untracked files present (use "git add" to track)

rayyan@DESKTOP-MFQ1NDM MINGW64 /r/git hub learning/java (master)
$ git status
On branch master

No commits yet

Untracked files:
  (use "git add <file>..." to include in what will be committed)
        temp1.txt
        temp2.txt

nothing added to commit but untracked files present (use "git add" to track)

rayyan@DESKTOP-MFQ1NDM MINGW64 /r/git hub learning/java (master)
$ git add  .

rayyan@DESKTOP-MFQ1NDM MINGW64 /r/git hub learning/java (master)
$ git status
On branch master

No commits yet

Changes to be committed:
  (use "git rm --cached <file>..." to unstage)
        new file:   temp1.txt
        new file:   temp2.txt


rayyan@DESKTOP-MFQ1NDM MINGW64 /r/git hub learning/java (master)
$ git status
On branch master

No commits yet

Changes to be committed:
  (use "git rm --cached <file>..." to unstage)
        new file:   temp1.txt
        new file:   temp2.txt

Changes not staged for commit:
  (use "git add <file>..." to update what will be committed)
  (use "git restore <file>..." to discard changes in working directory)
        modified:   temp2.txt


rayyan@DESKTOP-MFQ1NDM MINGW64 /r/git hub learning/java (master)
$ git restore temp2.txt

rayyan@DESKTOP-MFQ1NDM MINGW64 /r/git hub learning/java (master)
$ git status
On branch master

No commits yet

Changes to be committed:
  (use "git rm --cached <file>..." to unstage)
        new file:   temp1.txt
        new file:   temp2.txt


rayyan@DESKTOP-MFQ1NDM MINGW64 /r/git hub learning/java (master)
$ git commit -m "first commit "
[master (root-commit) 84ecb71] first commit
 2 files changed, 3 insertions(+)
 create mode 100644 temp1.txt
 create mode 100644 temp2.txt

rayyan@DESKTOP-MFQ1NDM MINGW64 /r/git hub learning/java (master)
$ git status
On branch master
nothing to commit, working tree clean

rayyan@DESKTOP-MFQ1NDM MINGW64 /r/git hub learning/java (master)
$ git branch -M main

rayyan@DESKTOP-MFQ1NDM MINGW64 /r/git hub learning/java (main)
$ git remote add origin https://github.com/rayyanlearning/git-hub-learning.git

rayyan@DESKTOP-MFQ1NDM MINGW64 /r/git hub learning/java (main)
$ git push -u origin main
Enumerating objects: 4, done.
Counting objects: 100% (4/4), done.
Delta compression using up to 4 threads
Compressing objects: 100% (2/2), done.
Writing objects: 100% (4/4), 315 bytes | 315.00 KiB/s, done.
Total 4 (delta 0), reused 0 (delta 0), pack-reused 0
To https://github.com/rayyanlearning/git-hub-learning.git
 * [new branch]      main -> main
branch 'main' set up to track 'origin/main'.

rayyan@DESKTOP-MFQ1NDM MINGW64 /r/git hub learning/java (main)
$ ^C

rayyan@DESKTOP-MFQ1NDM MINGW64 /r/git hub learning/java (main)
